[200~docker: command not found
